1.490711984999582818e+01 1.182736890793154743e+02 2.962232709469359975e+02 1.966933479167833809e+01 3.258320212978907904e+01 3.413009432748922478e+01
